---
source: valhalla-graphtile/src/graph_tile/turn_lane.rs
expression: tile.turn_lanes
---
[
    TurnLane {
        edge_index: EdgeIndex {
            edge_index: 1710,
        },
        text_offset: 702,
    },
    TurnLane {
        edge_index: EdgeIndex {
            edge_index: 1728,
        },
        text_offset: 726,
    },
    TurnLane {
        edge_index: EdgeIndex {
            edge_index: 2403,
        },
        text_offset: 962,
    },
    TurnLane {
        edge_index: EdgeIndex {
            edge_index: 2417,
        },
        text_offset: 962,
    },
    TurnLane {
        edge_index: EdgeIndex {
            edge_index: 2719,
        },
        text_offset: 987,
    },
    TurnLane {
        edge_index: EdgeIndex {
            edge_index: 2814,
        },
        text_offset: 962,
    },
]
