---
source: valhalla-graphtile/src/graph_tile/header.rs
expression: tile.header
---
GraphTileHeader {
    bit_field_1: FirstBitfield {
        graph_id: 24120,
        density: 0,
        name_quality: 0,
        speed_quality: 0,
        exit_quality: 0,
        has_elevation: 0,
        has_ext_directed_edge: 0,
    },
    base_lon_lat: [
        0.0,
        42.0,
    ],
    version: [
        51,
        46,
        53,
        46,
        48,
        0,
        0,
        0,
        0,
        0,
        0,
        0,
        0,
        0,
        0,
        0,
    ],
    dataset_id: 12218323114,
    bit_field_2: SecondBitfield {
        node_count: 1343,
        directed_edge_count: 3426,
        predicted_speeds_count: 0,
    },
    transition_count_bitfield: TransitionCountBitfield {
        transition_count: 712,
    },
    turn_lane_count_bitfield: TurnLaneCountBitfield {
        turn_lane_count: 6,
    },
    transit_record_bitfield: TransitRecordBitfield {
        transfer_count: 0,
        departure_count: 0,
        stop_count: 0,
    },
    misc_counts_bit_field_one: MiscCountsBitFieldOne {
        route_count: 0,
        schedule_count: 0,
        sign_count: 0,
    },
    misc_counts_bit_field_two: MiscCountsBitFieldTwo {
        access_restriction_count: 8,
        admin_count: 4,
    },
    reserved: 0,
    complex_restriction_forward_offset: 213632,
    complex_restriction_reverse_offset: 213632,
    edge_info_offset: 213632,
    text_list_offset: 304836,
    create_date: 0,
    bin_offsets: [
        0,
        0,
        0,
        0,
        0,
        0,
        0,
        0,
        0,
        0,
        0,
        0,
        0,
        0,
        0,
        0,
        0,
        0,
        0,
        0,
        0,
        0,
        0,
        0,
        0,
    ],
    lane_connectivity_offset: 305888,
    predicted_speeds_offset: 0,
    tile_size: 305888,
    _empty_slots: [
        0,
        0,
        0,
        0,
        0,
        0,
        0,
        0,
        0,
        0,
        0,
    ],
}
