---
source: valhalla-graphtile/src/graph_tile/node.rs
expression: "tile.nodes[0]"
---
NodeInfo {
    first_bit_field: FirstBitfield {
        lat_offset: U32(
            493887,
        ),
        lat_offset7: 2,
        lon_offset: U32(
            1500854,
        ),
        lon_offset7: 3,
        access: U16(
            4095,
        ),
    },
    second_bit_field: SecondBitfield {
        edge_index: U32(
            0,
        ),
        edge_count: 6,
        admin_index: U16(
            1,
        ),
        time_zone_index: U16(
            293,
        ),
        intersection_type: 0,
        node_type: 0,
        density: 2,
        is_traffic_signal: 0,
        mode_change_allowed: 0,
        is_named_intersection: 0,
    },
    third_bit_field: ThirdBitfield {
        transition_index: U32(
            0,
        ),
        transition_count: 1,
        local_driveability: U16(
            189,
        ),
        local_edge_count: 3,
        drive_on_right: 1,
        tagged_access: 0,
        private_access: 0,
        is_cash_only_toll: 0,
        elevation: U16(
            0,
        ),
        time_zone_ext: U16(
            0,
        ),
    },
    headings: U64(
        2613782698,
    ),
}
