---
source: valhalla-proto/src/lib.rs
expression: result
---
Api {
    options: Some(
        Options {
            units: Kilometers,
            directions_type: Instructions,
            format: Json,
            action: Status,
            costing_type: None,
            costings: {
                0: Costing {
                    r#type: None,
                    has_options: Some(
                        Options(
                            Options {
                                filter_stop_action: NoAction,
                                filter_stop_ids: [],
                                filter_operator_action: NoAction,
                                filter_operator_ids: [],
                                filter_route_action: NoAction,
                                filter_route_ids: [],
                                exclude_edges: [],
                                fixed_speed: 0,
                                axle_count: 0,
                                use_lit: 0.0,
                                disable_hierarchy_pruning: false,
                                ignore_non_vehicular_restrictions: false,
                                use_truck_route: 0.0,
                                exclude_bridges: false,
                                exclude_tunnels: false,
                                exclude_tolls: false,
                                exclude_highways: false,
                                exclude_ferries: false,
                                has_maneuver_penalty: None,
                                has_destination_only_penalty: None,
                                has_gate_cost: None,
                                has_gate_penalty: None,
                                has_toll_booth_cost: None,
                                has_toll_booth_penalty: None,
                                has_alley_penalty: None,
                                has_country_crossing_cost: None,
                                has_country_crossing_penalty: None,
                                has_ferry_cost: None,
                                has_avoid_bad_surfaces: None,
                                has_use_ferry: None,
                                has_use_highways: None,
                                has_use_tolls: None,
                                has_use_roads: None,
                                has_max_distance: None,
                                has_walking_speed: None,
                                has_step_penalty: None,
                                has_max_grade: None,
                                has_max_hiking_difficulty: None,
                                has_mode_factor: None,
                                has_walkway_factor: None,
                                has_sidewalk_factor: None,
                                has_alley_factor: None,
                                has_driveway_factor: None,
                                has_driveway_penalty: None,
                                has_transit_start_end_max_distance: None,
                                has_transit_transfer_max_distance: None,
                                has_transport_type: None,
                                has_top_speed: None,
                                has_use_hills: None,
                                has_use_primary: None,
                                has_use_trails: None,
                                has_low_class_penalty: None,
                                has_hazmat: None,
                                has_weight: None,
                                has_axle_load: None,
                                has_height: None,
                                has_width: None,
                                has_length: None,
                                has_cycling_speed: None,
                                has_wheelchair: None,
                                has_bicycle: None,
                                has_use_bus: None,
                                has_use_rail: None,
                                has_use_transfers: None,
                                has_transfer_cost: None,
                                has_transfer_penalty: None,
                                has_flow_mask: Some(
                                    FlowMask(
                                        0,
                                    ),
                                ),
                                has_bike_share_cost: None,
                                has_bike_share_penalty: None,
                                has_rail_ferry_cost: None,
                                has_use_rail_ferry: None,
                                has_ignore_restrictions: None,
                                has_ignore_oneways: None,
                                has_ignore_access: None,
                                has_ignore_closures: None,
                                has_shortest: None,
                                has_service_penalty: None,
                                has_use_tracks: None,
                                has_use_distance: None,
                                has_use_living_streets: None,
                                has_service_factor: None,
                                has_closure_factor: None,
                                has_private_access_penalty: None,
                                has_exclude_unpaved: None,
                                has_include_hot: None,
                                has_include_hov2: None,
                                has_include_hov3: None,
                                has_exclude_cash_only_tolls: None,
                                has_restriction_probability: None,
                                has_elevator_penalty: None,
                                has_hgv_no_access_penalty: None,
                                has_max_allowed_speed_limit: None,
                            },
                        ),
                    ),
                    has_name: Some(
                        Name(
                            "none",
                        ),
                    ),
                    has_filter_closures: None,
                },
            },
            locations: [],
            exclude_locations: [],
            sources: [],
            targets: [],
            date_time_type: NoTime,
            shape: [],
            contours: [],
            trace: [],
            shape_match: WalkOrSnap,
            filter_action: NoAction,
            filter_attributes: [],
            recostings: [],
            exclude_polygons: [],
            expansion_properties: [],
            pbf_field_selector: None,
            reverse: false,
            banner_instructions: false,
            elevation_interval: 0.0,
            voice_instructions: false,
            dedupe: false,
            admin_crossings: false,
            has_language: Some(
                Language(
                    "en-US",
                ),
            ),
            has_id: None,
            has_jsonp: None,
            has_encoded_polyline: None,
            has_range: Some(
                Range(
                    false,
                ),
            ),
            has_verbose: Some(
                Verbose(
                    false,
                ),
            ),
            has_date_time: None,
            has_resample_distance: None,
            has_polygons: Some(
                Polygons(
                    false,
                ),
            ),
            has_denoise: Some(
                Denoise(
                    1.0,
                ),
            ),
            has_generalize: None,
            has_show_locations: Some(
                ShowLocations(
                    false,
                ),
            ),
            has_gps_accuracy: None,
            has_search_radius: None,
            has_turn_penalty_factor: None,
            has_breakage_distance: None,
            has_use_timestamps: Some(
                UseTimestamps(
                    false,
                ),
            ),
            has_shape_format: None,
            has_alternates: Some(
                Alternates(
                    0,
                ),
            ),
            has_interpolation_distance: None,
            has_guidance_views: Some(
                GuidanceViews(
                    false,
                ),
            ),
            has_height_precision: None,
            has_roundabout_exits: Some(
                RoundaboutExits(
                    true,
                ),
            ),
            has_linear_references: None,
            has_prioritize_bidirectional: Some(
                PrioritizeBidirectional(
                    false,
                ),
            ),
            has_expansion_action: None,
            has_skip_opposites: Some(
                SkipOpposites(
                    false,
                ),
            ),
            has_matrix_locations: Some(
                MatrixLocations(
                    4294967295,
                ),
            ),
        },
    ),
    trip: None,
    directions: None,
    status: Some(
        Status {
            version: "3.5.1",
            tileset_last_modified: 1756439278,
            available_actions: [
                "status",
                "centroid",
                "expansion",
                "transit_available",
                "trace_attributes",
                "trace_route",
                "isochrone",
                "optimized_route",
                "sources_to_targets",
                "height",
                "route",
                "locate",
            ],
            has_has_tiles: None,
            has_has_admins: None,
            has_has_timezones: None,
            has_has_live_traffic: None,
            has_bbox: None,
            has_has_transit_tiles: None,
            has_osm_changeset: None,
        },
    ),
    matrix: None,
    isochrone: None,
    expansion: None,
    info: None,
}
